    02468024680246802468024680246802468024680246802468
  0 FBFBFBFBFBFBFBFBFBFBFBFBFBFBFBFBFBFBFBFBFBFBFBFBFBFBFBFBFBFBF.F...F.F..BFBFBFB.BFBFBFBFBFBFBFBFBFBFB
  2 FB......FBFBFBFBFBFBFBFBFBFBFBFBFBFBFBFBFBFBFBFBFBFBFBFBFBF.FBFB.BFBF.F..BFBFB.B.B.B.BFBFBFB......FB
  4 FB......FBFBFBFBFBFBFBFBFBFBFBFBFBFBFBFBFB...B..FB.B.B.B..FBFBFB.BFB....FBFB.BFB.B.B.B.B.BFB......FB
  6 FB......FB...B.B.B.B.B.B.B.B.B.B.B.B...BFBFBFBFBFBFB..........FB.BFBF.F.FBFB.BFB.BFBFBFB.BFB......FB
  8 FBFBFBFBFB..FBFBFBFBFBFBFBFBFBFBFBFB..FB.BFBFBFBFBFBFBFBF.FBFBFBFB..FBFBFBFB.BFB.B.B.B.BFB.BFBFBFBFB
 10 FBFBFBFBFB..FBFBFBFBFBFBFBFBFBFBFBFB..F.FB..FBFBFBFBFBFBFBFBF.FBFB..F.F.F...F.F.F..B.BFBFB.BFBFBFBFB
 12 FBFBFBFBFB..FBFBFBFBFBFBFBFBFBFBFB.....B..F..BFBFBFBFBFBFBFBFBFBFB.BFBFBFBFBFBFBFB.B.B.B.B.BFBFBFBFB
 14 FBFBFBFBF...FBFBFB.BFBFBFBFBFBFBFBF...FBFBF.F..BFBFBFBFBFBFBFBFBFB.BFBFBFBFBFBFBFBFBFBFBFBFBFBFBFBFB
 16 FBFBFBFBF..B.B.BFBFB.B.B.B.B.B.B.B....FBFBFBF.F..BFBFBFBFBFBFBFBFB.BFBFBFBFB......FB........FB..FBFB
 18 FBFBFBFBF....BFB.BFBFBFBFBFBFBFBFBF.....FBFBFBFBF..BFBFBFBFBFBFBFB.BFBFBFBFBFBFBFBFB.BFBFBFBFBFBFBFB
 20 FBFBFBFB....FBFBFBFBFBFBFBFBFBFBFBF...FB.BFBFBFBFBF..BFBFBFBFBFBFB.BFBFBFBFBFBFBFBFBFB.BFBFBFBFBFBFB
 22 FBFBFBFB....FBFBFBFBFBFBFBFBFBFBFBF....BFB.BFBFBFBFBFB..F.F.F.F.F...F.F.F.F.F.F.F.F.FBFB.BFBFBFBFBFB
 24 FBFBFBFB....FBFBFBFBFBFBFBFBFBFBFBF....B..F...F.F.F.F.F.....F.F.F...F.F.F.F.....F.F.F.F...F.....FBFB
 26 FBFBFBFB..FB..FBFBFBFBFBFBFBFBFBFBF..BFBF.FBFBFBFB.BFBFBFB.B.BFBFB.BFBFBFBFB....F.FB.B.B...B.B..FBFB
 28 FBFBFBFB.....BF.FBFBFBFBFBFBFBFBFBF...FBFBF.F.FBFBFB.BFBFBFB.B.BFB.BFBFBFBFBFBFBFB..FBFBFBFB..FBFBFB
 30 FBFBFBFB....F...FBFBFBFBFBFBFBFBFBFB..FBFBFBF..BFB..FB.BFB.....BFB.B..FBFBFBFBFB....FBFBFB..FBFBFBFB
 32 FBFBFBFB....FBF...FBFBFBFBFBFBFBFBFB..F.F.F..........B.B.B.............BFBFBFBFBFBF.FBFB.BF.FBFBFBFB
 34 FBFBFBFB....FBFBF.F.F.F.F.FBFBFBFBFB..FBFBFB.B.B....FBFBFBFB.BFB.B..F.FBFB...B...BF.FB.BFBF.FBFBFBFB
 36 FBFBFBFB..F...FBFBFBFBFBFBFBFBFBFBFBFBFBFBFBFB.B.B.BFBFB.B..F...F..BFB..FBFBF.FBF.F.FB.BFBF.FBFBFBFB
 38 FBFBFBFB.....B...B.B.B.B.B.B.B.BFBFB..FBFBFB..FBFBFBFB......FBFB..FB......F.FBF.F..BFB.BFBF.FBFBFBFB
 40 FBFBFBFB....FBFBF.FBFBFBFBFBFBFBFBFB..F.FB.BFB.BFBFBFBFBFBFBFBFB..FBFBFBFB.BF.FB....FB..FBF.FB..FBFB
 42 FBFBFBFB.B..FB.BFBF.F.FBFBFBFBFBFBFB..FB.BFB...BFBFBFBFBFBFBF.FBFB.BFBFBFBFB.B...B.BF..B....FB..FBFB
 44 FBFBFBFB.BF...F.F.F.F...FBFBFBFBFBFBFB..F.FBFBFB.BFBFBFBFBFBFBFBFBFBFB...B.B.........BF.FBFBFBFBFBFB
 46 FBFBFBFBFB..FBFBFBFBFBF.F.FBFBFBFBFBFBF.FBFBFBFBFBFBFBFBFBFBF.F.F.F.F.F.F.F.FBFBFBFBF.FBFBFBFBFBFBFB
 48 FBFBFBFBFB..FBFB.BFBFBFBF.F.F.FBFBFB..F.FBFBFBFBFBFBFBFBFBFBFBFBFBFBFBFBFBFBFBFBFBF.FBFBFBFBFBFBFBFB
 50 FBFBFBFBFB..FB.BFBFBFBFBFBF.F.F.FBFB..FBFBFBFBFBFBFBFBFBFBFBFBFBFBFBFBFBFBFBFBFBF.FBFBFBFBFBFBFBFBFB
 52 FBFBFBFBFB..F.FBFBFBFBFBFBFBF.F.F.FB..FBFBFB..FB..FBFB..FB....F.F...FB..F.F...F.....FBFBFBFBFBFBFBFB
 54 FBFBFBFBFBFBFBFBFBFBFBFBFBFBFBF.F.F.F.F.F.F.F.F.F.F.F...F.F.FBFBFBFBFBF.F.FB.BFBFBFBFBFBFBFBFBFBFBFB
 56 FB......FB..FBFBFBF.FBFBFBFBFBFBF.F...FBFBFBFBFBFBFBFB.BFBFBFBFBFBFBFBF.FBFB.BFBFBFBFBFBFBFB......FB
 58 FB......FB..FBFBFBFBFBFBFBFBFBFBFBF...FBFBFB..FB..FBFB..FB....FBFB..F...FBFB..FB....FBFBFBFB......FB
 60 FB......FB...B.BFBFBFBFBF.FBFBFBFBFB.BFBFBFBFBFBFBFBFBFBFBFBFBFBFBFBFBFBFBFBFBFBFBFBFBFBFBFB......FB
 62 FBFBFBFBFBFBFBFB.B.B.B.B.B.B.B.B.B.B.BFBFBFBFBFBFBFBFBFBFBFBFBFBFBFBFBFBFBFBFBFBFBFBFBFBFBFBFBFBFBFB
