     90123456789012345678901234567890
   6 FBFBFBFBFBFBFBFBFBFBFBFBFBFBFBFBFBFBFBFBFBFBFBFB.B.B.B.B.B.BFBFB
   7 FB.....B.B.B.B.B.B.B.B.B.B.B.B.B.B.B.B.B.B.B.B.B.BFB...B...B.BFB
   8 FB....FBFBFBFBFBFBFBFBFBFBFBFBFBFBFBFBFBFBFBFBFBFBFB..F...FB.B.B
   9 FB.B.BFBFBFBFBFBFBFBFBFBFBFBFBFBFBFBFBFBFBFBFBFBFBFBF...F.FBFB.B
  10 FB....FBFBFBFBFBFBFBFBFBFBFBFBFBFBFBFBFBFBFBFBFBFBF.....F.F.FBFB
  11 FBFBFBFBFBFBFBFBFBFBFBFBFBFBFBFBFBFBFBFBFBFBFBFBF.F.F...F.F.F.FB
  12 FB....FBFBFBFBFBFBFBFBFBFBFBFBFBFBFBFBFBFBFBFBF.F.F.............
  13 FB....FBFBFBFBFBFBFB.B.B.B.B.B.B.B.B.B.B.B.B.............B......
  14 F.F.F.F.F.F.F.F.F.........................................FBF.F.
  15 F.....F.F.F.F...............................................FBF.
  16 F.....F.F.F...................................................FB
  17 ................................................................
  18 ................................................................
  19 ................................................................
  20 ................................................................
  21 ................................................................
  22 ................................................................
  23 ................................................................
  24 ................................................................
  25 ................................................................
  26 ................................................................
  27 ................................................................
  28 ................................................................
  29 ..F.F.F.........................................................
  30 ......F.F.......................................................
  31 ......FBF.FB....................................................
  32 ......FBFBF.FB..................................................
  33 ......FBFBFBF.FB................................................
  34 ...BFBFBFBFBFB...B..............................................
  35 ......FBFB.B.BFBF.FBF.F.F.F.F.F.F.F.FBFBFBFBFBFBFBFB....FBFBFBFB
  36 ......FB.BFBFBFBFBF.F.FBFBFBFBFBFBFBF.FBFBFBFBFBFBFBFB..FBFBFBFB
  37 ..F.F...F.FBFBFBFBFBFBF.FBFBFBFBFBFBFBF.FBFBFBFBFBFBFB..FBFBFBFB
  38 ......F.F.F.FBFBFBFBFBFBF.FBFBFBFBFBFBFBF.FBFBFBFBFB....FBFBFB.B
  39 .................B.B.B.B.B...B.B.B.B.B.B.B..............F.F...F.
  40 ...................BFBFBFBFBF.FBFBFBFBFBFBFBF.FBFBFB........FBFB
  41 ..................F.FBFBFBFBFBF.FBFBFBFBFBFBFBF.FBFB......F.F.F.
  42 ................F.F.F.F.FBFBFBFBF..B.B.B.B.B.B.B........F.F.F...
  43 ............F.F.F.F.F.F.F.FBFB.B.BF.FBFBFBFBFBFBFBFB....F.F.....
  44 .B........F.F.F.F.F.F.F.F.F...FBFBFBF.FBFBFBFBFBFBFBFB..FB.B....
  45 .B....FBFBFBFBFBFBFBFBFBF...F.F.FBFBFBF.FBFBFBFBFBFBFB......FBF.
  46 .B....FBFBFBFBFBFBFBFB.B.BF.FBF.F.FBFBFBF.FBFBFBFBFB.....B.BF.FB
  47 FB.BFBFBFBFBFBFBFBFB.BFBFBFBF.FBF.F.F.FBFBF.FBFBFBFBFBFB....FBFB
  48 FB....FBFBFBFBFBFB.BFBFBFBFBFBF.FBF.F.F.FBFBF.FBFBFB.....B..F.F.
  49 FB....FBFBFBFB.BFBFBFBFB.B.B.B.B...B.......B.B...BF.F.......FBFB
  50 FB....FBFBFB.BFBFBFBFB.BFBFBFBFBFBF.FBF.F.F.FBFBF.F.F......BFBFB
  51 FB....FB.B.BFBFBFBFB.BFBFBFBFBFBFBFBF.FBF.F.F.FBFBF......B.BFBFB
  52 FBFBFB..FBFBFBFBFB.BFBFBFBFBFBFBFBFBFBF.FBF.F.F.FBFBF.F.....F.F.
  53 FB....FBFBF.FBFB.BFBFBFBFBFBFBFBFBFBFBFBF.FBF.F.F.FB.....B.BFBFB
  54 FB....FBFBFBF..BFBFBFBFBFBFBFBFBFBFBFBFBFBF.FBF.F.F.FB...B.BFBFB
  55 FB.....B.B.B.BF.F.FBFBFBFBFBFBFBFBFBFBFBFBFBF.FBF.F.F.......F.F.
  56 FB....FBFBFBFBFBFBF.FBFBFBFBFBFBFBFBFBFBFBFBFBF.FBF.........FBF.
  57 FBFBFBFBFBFBFBFBFBFBF.FBFBFBFBFBFBFBFBFBFBFBFBFBF.FBF.F....BF.FB
  58 FB....FBFBFBFBFBFBFBFBF.F.FBFBFBFBFBFBFBFBFBFBFBFBF.........FBFB
  59 FB.....BFBFBFBFBFBFBFBFBFBF.FBFBFBFBFBFBFBFBFBFBFBFBF......BFBFB
  60 FB.....B.B.BFBFBFBFBFBFBFBFBF.F.FBFBFBFBFBFBFBFBFBFBFB...B.BFBFB
  61 FB....FBFB.B.BFBFBFBFBFBFBFBFBFBF.FBFBFBFBFBFBFBFBFB.......BFBFB
  62 FBFBFBFBFBFB.B.B.B.B.B.B.B.B.B.B.B..........................F.F.
  63 ................................................................
  64 ................................................................
