--- zone 0 F.Cu  outlines=6 area=4148.5 mm2
   outline 0: x   0.50..99.50  y   0.50..63.50  pts  6846 hole 0 contains [(50, 20), (90, 50)]
   outline 1: x  46.19..81.29  y  34.87..46.05  pts   467 hole 0 contains []
   outline 2: x  43.12..58.96  y  36.70..41.45  pts   108 hole 0 contains []
   outline 3: x  12.04..43.85  y  34.73..41.28  pts   248 hole 0 contains []
   outline 4: x   9.55..16.99  y  24.42..37.68  pts   376 hole 0 contains []
   outline 5: x  82.52..87.18  y  27.55..31.68  pts    30 hole 0 contains []
--- zone 5 B.Cu  outlines=18 area=3780.8 mm2
   outline 0: x  36.59..73.18  y  53.75..62.25  pts   389 hole 0 contains []
   outline 1: x  20.62..36.21  y  44.35..58.98  pts    95 hole 0 contains []
   outline 2: x  36.59..40.58  y  55.95..58.98  pts    38 hole 0 contains []
   outline 3: x  59.82..82.98  y  48.55..55.65  pts   180 hole 0 contains []
   outline 4: x  10.15..35.74  y  30.72..54.65  pts   381 hole 0 contains []
   outline 5: x  37.09..94.48  y  25.15..54.65  pts   962 hole 0 contains []
   outline 6: x  12.82..40.44  y  30.15..49.67  pts   327 hole 0 contains []
   outline 7: x  37.44..69.67  y  44.15..48.88  pts   191 hole 0 contains []
   outline 8: x  38.62..64.91  y  37.55..43.45  pts   209 hole 0 contains []
   outline 9: x  31.73..35.61  y  40.15..41.85  pts    34 hole 0 contains []
   outline 10: x  64.97..83.00  y  34.20..41.85  pts   145 hole 0 contains []
   outline 11: x  26.42..58.96  y  34.15..39.67  pts   358 hole 0 contains []
   outline 12: x  68.20..83.00  y  30.75..38.45  pts   196 hole 0 contains []
   outline 13: x  66.55..68.67  y  30.75..32.66  pts    60 hole 0 contains []
   outline 14: x  79.23..80.92  y  25.35..27.00  pts    45 hole 0 contains []
   outline 15: x  37.06..48.38  y  12.92..23.85  pts    43 hole 0 contains []
   outline 16: x   0.50..99.50  y   0.50..63.50  pts  2943 hole 0 contains [(90, 50)]
   outline 17: x  57.69..69.15  y   1.70..11.50  pts   296 hole 0 contains []
