C5   body x   63.52..68.17   y    8.82..11.17   | cu x   63.52..69.20   y    7.30..11.17  
      pad 1   @(  67.32,   9.99) 1.15x1.80
      pad 2   @(  64.37,   9.99) 1.15x1.80
      silk PCB_SHAPE x   65.07..66.62   y    9.03..9.14   
      silk PCB_SHAPE x   65.07..66.62   y   10.85..10.96  
C6   body x   68.52..73.17   y    8.82..11.17   | cu x   68.52..74.20   y    7.30..11.17  
      pad 1   @(  72.32,   9.99) 1.15x1.80
      pad 2   @(  69.37,   9.99) 1.15x1.80
      silk PCB_SHAPE x   70.07..71.62   y    9.03..9.14   
      silk PCB_SHAPE x   70.07..71.62   y   10.85..10.96  
C8   body x   87.02..91.67   y    8.92..11.27   | cu x   87.02..93.20   y    7.40..11.27  
      pad 1   @(  90.82,  10.10) 1.15x1.80
      pad 2   @(  87.87,  10.10) 1.15x1.80
      silk PCB_SHAPE x   88.57..90.12   y    9.12..9.24   
      silk PCB_SHAPE x   88.57..90.12   y   10.95..11.06  
R3   body x   67.37..70.78   y    0.82..2.77    | cu x   66.85..70.78   y    0.50..4.29   
      pad 1   @(  68.16,   1.79) 1.02x1.40
      pad 2   @(  69.99,   1.79) 1.02x1.40
      silk PCB_SHAPE x   68.79..69.36   y    1.00..1.12   
      silk PCB_SHAPE x   68.79..69.36   y    2.47..2.59   
R4   body x   82.42..85.83   y   11.82..13.77   | cu x   81.93..86.32   y   11.70..15.29  
      pad 1   @(  83.21,  12.79) 1.02x1.40
      pad 2   @(  85.04,  12.79) 1.02x1.40
      silk PCB_SHAPE x   83.84..84.41   y   12.00..12.12  
      silk PCB_SHAPE x   83.84..84.41   y   13.47..13.59  
R5   body x   86.17..89.58   y   11.82..13.77   | cu x   86.17..90.20   y   11.70..15.29  
      pad 1   @(  86.96,  12.79) 1.02x1.40
      pad 2   @(  88.79,  12.79) 1.02x1.40
      silk PCB_SHAPE x   87.59..88.16   y   12.00..12.12  
      silk PCB_SHAPE x   87.59..88.16   y   13.47..13.59  
SW1  body x   42.98..50.52   y   50.98..60.52   | cu x   42.98..52.05   y   49.94..60.52  
      pad 1   @(  44.50,  59.00) 2.00x2.00
      pad 1   @(  44.50,  52.50) 2.00x2.00
      pad 2   @(  49.00,  59.00) 2.00x2.00
      pad 2   @(  49.00,  52.50) 2.00x2.00
      silk PCB_SHAPE x   43.44..43.56   y   53.44..58.06  
      silk PCB_SHAPE x   45.94..47.56   y   59.19..59.31  
      silk PCB_SHAPE x   45.94..47.56   y   52.19..52.31  
      silk PCB_SHAPE x   49.94..50.06   y   53.44..58.06  
SW3  body x   64.97..72.53   y   50.98..60.52   | cu x   64.97..74.05   y   49.94..60.52  
      pad 1   @(  66.50,  59.00) 2.00x2.00
      pad 1   @(  66.50,  52.50) 2.00x2.00
      pad 2   @(  71.00,  59.00) 2.00x2.00
      pad 2   @(  71.00,  52.50) 2.00x2.00
      silk PCB_SHAPE x   65.44..65.56   y   53.44..58.06  
      silk PCB_SHAPE x   67.94..69.56   y   59.19..59.31  
      silk PCB_SHAPE x   67.94..69.56   y   52.19..52.31  
      silk PCB_SHAPE x   71.94..72.06   y   53.44..58.06  
