dropped 1 footprint(s): J1
extended bottom edge by 20mm (2 vertical edges)
outline: x 90.00..181.00  y 100.00..270.00
board items: 3164 tracks, 979 pads

net    gap strip at (mm)            gap margin at (mm)            verdict
  ROW0        0.40 (125.3, 243.7)          0.00 (98.0, 109.5)      candidate   (0.5s)
  ROW1        0.00 (103.6, 244.1)          0.00 (94.7, 120.0)      candidate   (0.5s)
  ROW2        0.40 (105.0, 243.7)          3.52 (101.4, 120.4)     candidate   (0.4s)
  ROW3      114.50 (112.9, 129.6)          0.00 (98.0, 114.7)      candidate   (0.4s)
  ROW4        0.00 (127.8, 244.1)          1.30 (167.8, 176.9)     candidate   (0.4s)
  ROW5       79.30 (96.2, 164.8)           0.00 (98.0, 161.4)      candidate   (0.5s)
  ROW6        0.00 (128.8, 244.1)          0.00 (98.0, 110.4)      candidate   (0.5s)
  ROW7        0.00 (129.2, 244.1)          0.00 (98.0, 111.6)      candidate   (0.5s)
  ROW8        0.74 (105.5, 243.4)          3.40 (101.4, 158.7)     REJECT   (0.4s)
  ROW9        0.00 (130.2, 244.1)          0.00 (98.0, 112.5)      candidate   (0.4s)
  ROW10       0.00 (124.8, 244.1)          0.00 (169.1, 180.2)     candidate   (0.4s)
  ROW11       0.00 (137.2, 244.1)          0.90 (168.9, 180.9)     candidate   (0.4s)
  ROW12       0.00 (105.8, 244.1)          3.40 (101.4, 184.2)     candidate   (0.4s)
  ROW13       0.00 (166.4, 244.1)          1.70 (168.2, 198.4)     candidate   (0.4s)
  ROW14       0.00 (122.7, 244.1)          2.10 (167.8, 204.6)     candidate   (0.4s)
  ROW15       0.00 (132.9, 244.1)          3.00 (166.9, 209.9)     candidate   (0.4s)
  ROW16       1.67 (133.8, 243.2)          3.40 (101.4, 209.9)     REJECT   (0.4s)
  ROW17       1.37 (134.2, 243.2)          3.40 (101.4, 216.2)     REJECT   (0.4s)
  ROW18       0.00 (134.8, 244.1)          3.40 (101.4, 222.7)     candidate   (0.4s)
  ROW19       0.90 (135.2, 243.2)          3.40 (101.4, 229.1)     REJECT   (0.4s)
  ROW20       0.90 (135.8, 243.2)          3.40 (101.4, 235.4)     REJECT   (0.4s)
  CSEL0       0.00 (112.0, 244.1)         12.90 (110.9, 246.6)     candidate   (0.4s)
  CSEL1       0.00 (115.6, 244.1)         15.80 (113.8, 242.2)     candidate   (0.4s)
  CSEL2       0.00 (117.6, 244.1)         17.80 (115.8, 242.2)     candidate   (0.4s)
  CSEL3       0.00 (147.2, 244.1)          0.00 (169.1, 108.9)     candidate   (0.4s)
  CSEL4       0.00 (102.7, 244.1)          0.00 (98.0, 145.9)      candidate   (0.5s)
  CSEL5       0.00 (138.8, 244.1)          0.00 (169.1, 114.0)     candidate   (0.4s)
  CSEL6       1.20 (152.2, 242.9)          0.00 (169.1, 120.9)     candidate   (0.4s)
  CSEL7       0.00 (148.9, 245.1)         15.20 (154.2, 242.9)     candidate   (0.4s)
  CSEL8       0.00 (140.2, 244.1)         13.20 (156.2, 242.9)     candidate   (0.4s)
  CSEL9       0.00 (140.8, 244.1)         10.80 (158.2, 247.2)     candidate   (0.4s)

=== union over the bottom strip ===
  23/31 reachable: CSEL0 CSEL1 CSEL2 CSEL3 CSEL4 CSEL5 CSEL7 CSEL8 CSEL9 ROW0 ROW1 ROW10 ROW11 ROW12 ROW13 ROW14 ROW15 ROW18 ROW2 ROW4 ROW6 ROW7 ROW9
=== union over the margins ===
  12/31 reachable: CSEL3 CSEL4 CSEL5 CSEL6 ROW0 ROW1 ROW10 ROW3 ROW5 ROW6 ROW7 ROW9
=== union of both ===
  26/31 reachable
  still unreachable: ROW8 ROW16 ROW17 ROW19 ROW20
swig/python detected a memory leak of type 'FOOTPRINT *', no destructor found.
