board: ../touch-panel/touch-panel.kicad_pcb   sites: 488
components a site can stand in: #228 (488 sites), #274 (2 sites)
site-reachable free space: 358787 cells on one plane, 3587.9 mm2

every non-Q/non-R pad, nearest to reachable free space first:
  ref   pad    gap mm  at (mm)                 net
  MK1            0.00  (  114.00,   105.00)  --
  MK2            0.00  (  146.00,   106.00)  --
  MK3            0.00  (  156.50,   106.00)  --
  TP1   1        0.00  (  106.70,   111.00)  PAD1
  TP1   8        0.00  (  106.70,   155.80)  PAD71
  TP10  1        0.00  (  164.30,   111.00)  PAD10
  TP10  10       0.00  (  164.30,   168.60)  PAD100
  TP10  2        0.00  (  164.30,   117.40)  PAD20
  TP10  8        0.00  (  164.30,   155.80)  PAD80
  TP10  9        0.00  (  164.30,   162.20)  PAD90
  TP2   1        0.00  (  113.10,   111.00)  PAD2
  TP2   2        0.00  (  113.10,   117.40)  PAD12
  TP2   8        0.00  (  113.10,   155.80)  PAD72
  TP2   9        0.00  (  113.10,   162.20)  PAD82
  TP3   1        0.00  (  119.50,   111.00)  PAD3
  TP3   2        0.00  (  119.50,   117.40)  PAD13
  TP3   8        0.00  (  119.50,   155.80)  PAD73
  TP3   9        0.00  (  119.50,   162.20)  PAD83
  TP4   1        0.00  (  125.90,   111.00)  PAD4
  TP4   2        0.00  (  125.90,   117.40)  PAD14
  TP4   8        0.00  (  125.90,   155.80)  PAD74
  TP4   9        0.00  (  125.90,   162.20)  PAD84
  TP5   1        0.00  (  132.30,   111.00)  PAD5
  TP5   2        0.00  (  132.30,   117.40)  PAD15
  TP5   8        0.00  (  132.30,   155.80)  PAD75
  TP5   9        0.00  (  132.30,   162.20)  PAD85
  TP6   2        0.00  (  138.70,   117.40)  PAD16
  TP6   8        0.00  (  138.70,   155.80)  PAD76
  TP6   9        0.00  (  138.70,   162.20)  PAD86
  TP7   1        0.00  (  145.10,   111.00)  PAD7
  TP7   2        0.00  (  145.10,   117.40)  PAD17
  TP7   8        0.00  (  145.10,   155.80)  PAD77
  TP7   9        0.00  (  145.10,   162.20)  PAD87
  TP8   1        0.00  (  151.50,   111.00)  PAD8
  TP8   2        0.00  (  151.50,   117.40)  PAD18
  TP8   8        0.00  (  151.50,   155.80)  PAD78
  TP8   9        0.00  (  151.50,   162.20)  PAD88
  TP9   1        0.00  (  157.90,   111.00)  PAD9
  TP9   2        0.00  (  157.90,   117.40)  PAD19
  TP9   8        0.00  (  157.90,   155.80)  PAD79
  TP9   9        0.00  (  157.90,   162.20)  PAD89
  TP1   9        0.14  (  106.70,   162.20)  PAD81
  TP1   2        0.24  (  106.70,   117.40)  PAD11
  J1A   18       0.30  (   95.40,   158.85)  GND
  J1B   13       0.30  (  175.60,   211.45)  --
  J1B   18       0.30  (  175.60,   224.15)  --
  J1A   1        0.40  (   95.40,   115.67)  ROW3
  J1A   10       0.40  (   95.40,   138.53)  --
  J1A   11       0.40  (   95.40,   141.07)  --
  J1A   12       0.40  (   95.40,   143.61)  --
  J1A   13       0.40  (   95.40,   146.15)  --
  J1A   14       0.40  (   95.40,   148.69)  CSEL4
  J1A   15       0.40  (   95.40,   151.23)  CSEL3
  J1A   16       0.40  (   95.40,   153.77)  GND
  J1A   17       0.40  (   95.40,   156.31)  GND
  J1A   19       0.40  (   95.40,   161.39)  GND
  J1A   2        0.40  (   95.40,   118.21)  ROW0
  J1A   20       0.40  (   95.40,   163.93)  ROW5
  J1A   3        0.40  (   95.40,   120.75)  ROW1
  J1A   8        0.40  (   95.40,   133.45)  --
  J1A   9        0.40  (   95.40,   135.99)  ROW9
  J1B   1        0.40  (  175.60,   180.97)  ROW10
  J1B   11       0.40  (  175.60,   206.37)  CSEL5
  J1B   12       0.40  (  175.60,   208.91)  CSEL6
  J1B   14       0.40  (  175.60,   213.99)  --
  J1B   15       0.40  (  175.60,   216.53)  --
  J1B   16       0.40  (  175.60,   219.07)  GND
  J1B   17       0.40  (  175.60,   221.61)  --
  J1B   19       0.40  (  175.60,   226.69)  --
  J1B   20       0.40  (  175.60,   229.23)  --
  MH1            0.40  (  108.00,   105.50)  --
  MH3            0.40  (  163.00,   105.50)  --
  TP10  11       0.40  (  164.30,   175.00)  PAD110
  TP6   1        0.40  (  138.70,   111.00)  PAD6
  J1A   4        0.90  (   95.40,   123.29)  --
  J1A   5        0.90  (   95.40,   125.83)  --
  J1A   6        0.90  (   95.40,   128.37)  ROW6
  J1A   7        0.90  (   95.40,   130.91)  ROW7
  J1B   10       0.90  (  175.60,   203.83)  --
  J1B   2        0.90  (  175.60,   183.51)  --
  J1B   3        0.90  (  175.60,   186.05)  --
  J1B   4        0.90  (  175.60,   188.59)  --
  J1B   5        0.90  (  175.60,   191.13)  --
  J1B   6        0.90  (  175.60,   193.67)  --
  J1B   7        0.90  (  175.60,   196.21)  --
  J1B   8        0.90  (  175.60,   198.75)  --
  J1B   9        0.90  (  175.60,   201.29)  --
  TP10  7        1.40  (  164.30,   149.40)  PAD70
  MH2            1.41  (  108.00,   244.50)  --
  TP10  3        1.90  (  164.30,   123.80)  PAD30
  TP10  4        1.90  (  164.30,   130.20)  PAD40
  TP10  5        2.00  (  164.30,   136.60)  PAD50
  TP10  6        2.00  (  164.30,   143.00)  PAD60
  TP1   3        2.50  (  106.70,   123.80)  PAD21
  TP1   4        2.50  (  106.70,   130.20)  PAD31
  TP1   5        2.50  (  106.70,   136.60)  PAD41
  TP1   6        2.50  (  106.70,   143.00)  PAD51
  TP1   7        2.50  (  106.70,   149.40)  PAD61
  MH4            2.83  (  163.00,   244.50)  --
  TP10  12       2.93  (  164.30,   181.40)  PAD120
  TP10  13       3.00  (  164.30,   187.80)  PAD130
  TP10  14       3.00  (  164.30,   194.20)  PAD140
  TP10  15       3.00  (  164.30,   200.60)  PAD150
  TP10  16       3.00  (  164.30,   207.00)  PAD160
  TP10  17       3.00  (  164.30,   213.40)  PAD170
  TP10  18       3.00  (  164.30,   219.80)  PAD180
  TP10  19       3.00  (  164.30,   226.20)  PAD190
  TP10  20       3.00  (  164.30,   232.60)  PAD200
  TP10  21       3.00  (  164.30,   239.00)  PAD210
  TP1   12       3.50  (  106.70,   181.40)  PAD111
  TP1   14       3.50  (  106.70,   194.20)  PAD131
  TP1   15       3.50  (  106.70,   200.60)  PAD141
  TP1   17       3.58  (  106.70,   213.40)  PAD161
  TP1   10       3.70  (  106.70,   168.60)  PAD91
  TP1   11       3.70  (  106.70,   175.00)  PAD101
  TP1   13       3.70  (  106.70,   187.80)  PAD121
  TP1   16       3.70  (  106.70,   207.00)  PAD151
  TP1   21       3.99  (  106.70,   239.00)  PAD201
  TP1   18       4.10  (  106.70,   219.80)  PAD171
  TP1   19       4.10  (  106.70,   226.20)  PAD181
  TP1   20       4.10  (  106.70,   232.60)  PAD191
  TP9   10       4.25  (  157.90,   168.60)  PAD99
  TP5   7        4.54  (  132.30,   149.40)  PAD65
  TP6   7        4.58  (  138.70,   149.40)  PAD66
  TP8   7        4.58  (  151.50,   149.40)  PAD68
  TP9   7        4.58  (  157.90,   149.40)  PAD69
  TP2   7        4.58  (  113.10,   149.40)  PAD62
  TP3   7        4.58  (  119.50,   149.40)  PAD63
  TP4   7        4.58  (  125.90,   149.40)  PAD64
  TP7   7        4.68  (  145.10,   149.40)  PAD67
  TP2   10       6.00  (  113.10,   168.60)  PAD92
  TP2   3        6.00  (  113.10,   123.80)  PAD22
  TP3   10       6.00  (  119.50,   168.60)  PAD93
  TP3   3        6.00  (  119.50,   123.80)  PAD23
  TP4   10       6.00  (  125.90,   168.60)  PAD94
  TP4   3        6.00  (  125.90,   123.80)  PAD24
  TP5   10       6.00  (  132.30,   168.60)  PAD95
  TP5   3        6.00  (  132.30,   123.80)  PAD25
  TP6   10       6.00  (  138.70,   168.60)  PAD96
  TP6   3        6.00  (  138.70,   123.80)  PAD26
  TP7   10       6.00  (  145.10,   168.60)  PAD97
  TP7   3        6.00  (  145.10,   123.80)  PAD27
  TP8   10       6.00  (  151.50,   168.60)  PAD98
  TP8   3        6.00  (  151.50,   123.80)  PAD28
  TP9   3        6.00  (  157.90,   123.80)  PAD29
  TP9   11       6.80  (  157.90,   175.00)  PAD109
  TP2   21       8.16  (  113.10,   239.00)  PAD202
  TP9   4        8.30  (  157.90,   130.20)  PAD39
  TP9   12       8.33  (  157.90,   181.40)  PAD119
  TP9   5        8.40  (  157.90,   136.60)  PAD49
  TP9   6        8.40  (  157.90,   143.00)  PAD59
  TP2   4        8.80  (  113.10,   130.20)  PAD32
  TP2   5        8.80  (  113.10,   136.60)  PAD42
  TP2   6        8.80  (  113.10,   143.00)  PAD52
  TP9   13       9.40  (  157.90,   187.80)  PAD129
  TP9   14       9.40  (  157.90,   194.20)  PAD139
  TP9   15       9.40  (  157.90,   200.60)  PAD149
  TP9   16       9.40  (  157.90,   207.00)  PAD159
  TP9   17       9.40  (  157.90,   213.40)  PAD169
  TP9   18       9.40  (  157.90,   219.80)  PAD179
  TP9   19       9.40  (  157.90,   226.20)  PAD189
  TP9   20       9.40  (  157.90,   232.60)  PAD199
  TP9   21       9.40  (  157.90,   239.00)  PAD209
  TP2   12       9.80  (  113.10,   181.40)  PAD112
  TP2   14       9.80  (  113.10,   194.20)  PAD132
  TP2   15       9.80  (  113.10,   200.60)  PAD142
  TP2   17       9.88  (  113.10,   213.40)  PAD162
  TP2   11      10.00  (  113.10,   175.00)  PAD102
  TP2   13      10.00  (  113.10,   187.80)  PAD122
  TP2   16      10.00  (  113.10,   207.00)  PAD152
  TP2   18      10.40  (  113.10,   219.80)  PAD172
  TP2   19      10.40  (  113.10,   226.20)  PAD182
  TP2   20      10.40  (  113.10,   232.60)  PAD192
  TP5   6       10.94  (  132.30,   143.00)  PAD55
  TP6   6       10.98  (  138.70,   143.00)  PAD56
  TP8   6       10.98  (  151.50,   143.00)  PAD58
  TP3   6       10.98  (  119.50,   143.00)  PAD53
  TP4   6       10.98  (  125.90,   143.00)  PAD54
  TP7   6       11.08  (  145.10,   143.00)  PAD57
  TP3   21      12.13  (  119.50,   239.00)  PAD203
  TP3   11      12.40  (  119.50,   175.00)  PAD103
  TP3   4       12.40  (  119.50,   130.20)  PAD33
  TP4   11      12.40  (  125.90,   175.00)  PAD104
  TP4   4       12.40  (  125.90,   130.20)  PAD34
  TP5   11      12.40  (  132.30,   175.00)  PAD105
  TP5   4       12.40  (  132.30,   130.20)  PAD35
  TP6   11      12.40  (  138.70,   175.00)  PAD106
  TP6   4       12.40  (  138.70,   130.20)  PAD36
  TP7   11      12.40  (  145.10,   175.00)  PAD107
  TP7   4       12.40  (  145.10,   130.20)  PAD37
  TP8   11      12.40  (  151.50,   175.00)  PAD108
  TP8   4       12.40  (  151.50,   130.20)  PAD38
  J1    MP      13.60  (  123.85,   246.40)  --
  TP8   21      14.00  (  151.50,   239.00)  PAD208
  TP8   12      14.83  (  151.50,   181.40)  PAD118
  TP8   5       14.90  (  151.50,   136.60)  PAD48
  TP3   5       15.20  (  119.50,   136.60)  PAD43
  TP8   13      15.90  (  151.50,   187.80)  PAD128
  TP8   14      15.90  (  151.50,   194.20)  PAD138
  TP8   15      15.90  (  151.50,   200.60)  PAD148
  TP8   16      15.90  (  151.50,   207.00)  PAD158
  TP8   17      15.90  (  151.50,   213.40)  PAD168
  TP8   18      15.90  (  151.50,   219.80)  PAD178
  TP8   19      15.90  (  151.50,   226.20)  PAD188
  TP8   20      15.90  (  151.50,   232.60)  PAD198
  TP3   12      16.20  (  119.50,   181.40)  PAD113
  TP3   14      16.20  (  119.50,   194.20)  PAD133
  TP3   15      16.20  (  119.50,   200.60)  PAD143
  TP3   17      16.28  (  119.50,   213.40)  PAD163
  TP3   13      16.40  (  119.50,   187.80)  PAD123
  TP3   16      16.40  (  119.50,   207.00)  PAD153
  J1    MP      16.70  (  147.15,   246.40)  --
  TP3   18      16.80  (  119.50,   219.80)  PAD173
  TP3   19      16.80  (  119.50,   226.20)  PAD183
  TP3   20      16.80  (  119.50,   232.60)  PAD193
  TP4   21      17.12  (  125.90,   239.00)  PAD204
  TP5   5       17.34  (  132.30,   136.60)  PAD45
  TP4   5       17.38  (  125.90,   136.60)  PAD44
  TP6   5       17.38  (  138.70,   136.60)  PAD46
  J1    1       17.44  (  125.75,   243.15)  ROW0
  TP7   5       17.48  (  145.10,   136.60)  PAD47
  J1    2       17.94  (  126.25,   243.15)  ROW1
  J1    3       18.44  (  126.75,   243.15)  ROW2
  TP4   12      18.80  (  125.90,   181.40)  PAD114
  TP5   12      18.80  (  132.30,   181.40)  PAD115
  TP6   12      18.80  (  138.70,   181.40)  PAD116
  TP7   12      18.80  (  145.10,   181.40)  PAD117
  J1    4       18.94  (  127.25,   243.15)  ROW3
  J1    5       19.44  (  127.75,   243.15)  ROW4
  J1    6       19.94  (  128.25,   243.15)  ROW5
  TP7   21      20.22  (  145.10,   239.00)  PAD207
  J1    7       20.44  (  128.75,   243.15)  ROW6
  J1    40      20.54  (  145.25,   243.15)  +3V3
  J1    8       20.94  (  129.25,   243.15)  ROW7
  J1    39      21.04  (  144.75,   243.15)  +3V3
  TP4   20      21.18  (  125.90,   232.60)  PAD194
  J1    9       21.44  (  129.75,   243.15)  ROW8
  J1    38      21.54  (  144.25,   243.15)  +3V3
  J1    10      21.94  (  130.25,   243.15)  ROW9
  J1    37      22.04  (  143.75,   243.15)  +3V3
  TP7   13      22.30  (  145.10,   187.80)  PAD127
  TP7   14      22.30  (  145.10,   194.20)  PAD137
  TP7   15      22.30  (  145.10,   200.60)  PAD147
  TP7   16      22.30  (  145.10,   207.00)  PAD157
  TP7   17      22.30  (  145.10,   213.40)  PAD167
  TP7   18      22.30  (  145.10,   219.80)  PAD177
  TP7   19      22.30  (  145.10,   226.20)  PAD187
  TP7   20      22.30  (  145.10,   232.60)  PAD197
  J1    11      22.44  (  130.75,   243.15)  ROW10
  J1    36      22.54  (  143.25,   243.15)  GND
  TP4   14      22.70  (  125.90,   194.20)  PAD134
  TP4   15      22.70  (  125.90,   200.60)  PAD144
  TP4   17      22.78  (  125.90,   213.40)  PAD164
  TP4   13      22.90  (  125.90,   187.80)  PAD124
  TP4   16      22.90  (  125.90,   207.00)  PAD154
  J1    12      22.94  (  131.25,   243.15)  ROW11
  J1    35      23.04  (  142.75,   243.15)  GND
  TP4   18      23.30  (  125.90,   219.80)  PAD174
  TP4   19      23.30  (  125.90,   226.20)  PAD184
  J1    13      23.44  (  131.75,   243.15)  ROW12
  TP5   21      23.52  (  132.30,   239.00)  PAD205
  J1    34      23.54  (  142.25,   243.15)  GND
  J1    14      23.94  (  132.25,   243.15)  ROW13
  J1    33      24.04  (  141.75,   243.15)  GND
  J1    15      24.44  (  132.75,   243.15)  ROW14
  J1    32      24.54  (  141.25,   243.15)  GND
  J1    16      24.94  (  133.25,   243.15)  ROW15
  J1    31      25.04  (  140.75,   243.15)  CSEL9
  TP5   13      25.20  (  132.30,   187.80)  PAD125
  TP6   13      25.20  (  138.70,   187.80)  PAD126
  J1    17      25.44  (  133.75,   243.15)  ROW16
  J1    30      25.54  (  140.25,   243.15)  CSEL8
  J1    18      25.94  (  134.25,   243.15)  ROW17
  J1    29      26.04  (  139.75,   243.15)  CSEL7
  TP5   20      26.22  (  132.30,   232.60)  PAD195
  J1    19      26.44  (  134.75,   243.15)  ROW18
  J1    28      26.54  (  139.25,   243.15)  CSEL6
  TP6   21      26.62  (  138.70,   239.00)  PAD206
  J1    20      26.94  (  135.25,   243.15)  ROW19
  J1    27      27.04  (  138.75,   243.15)  CSEL5
  J1    21      27.44  (  135.75,   243.15)  ROW20
  J1    26      27.54  (  138.25,   243.15)  CSEL4
  J1    22      27.94  (  136.25,   243.15)  CSEL0
  J1    25      28.04  (  137.75,   243.15)  CSEL3
  J1    23      28.44  (  136.75,   243.15)  CSEL1
  J1    24      28.54  (  137.25,   243.15)  CSEL2
  TP6   14      28.70  (  138.70,   194.20)  PAD136
  TP6   15      28.70  (  138.70,   200.60)  PAD146
  TP6   16      28.70  (  138.70,   207.00)  PAD156
  TP6   17      28.70  (  138.70,   213.40)  PAD166
  TP6   18      28.70  (  138.70,   219.80)  PAD176
  TP6   19      28.70  (  138.70,   226.20)  PAD186
  TP6   20      28.70  (  138.70,   232.60)  PAD196
  TP5   14      29.10  (  132.30,   194.20)  PAD135
  TP5   15      29.10  (  132.30,   200.60)  PAD145
  TP5   17      29.18  (  132.30,   213.40)  PAD165
  TP5   16      29.30  (  132.30,   207.00)  PAD155
  TP5   18      29.70  (  132.30,   219.80)  PAD175
  TP5   19      29.70  (  132.30,   226.20)  PAD185
